{"type":"server-started","port":56973,"host":"127.0.0.1","url_host":"localhost","url":"http://localhost:56973","screen_dir":"/Users/yohannreimer/Downloads/atomic-crm-main/.superpowers/brainstorm/78656-1779291090/content","state_dir":"/Users/yohannreimer/Downloads/atomic-crm-main/.superpowers/brainstorm/78656-1779291090/state"}
{"type":"screen-added","file":"/Users/yohannreimer/Downloads/atomic-crm-main/.superpowers/brainstorm/78656-1779291090/content/navigation-layout.html"}
{"type":"screen-updated","file":"/Users/yohannreimer/Downloads/atomic-crm-main/.superpowers/brainstorm/78656-1779291090/content/navigation-layout.html"}
{"type":"screen-added","file":"/Users/yohannreimer/Downloads/atomic-crm-main/.superpowers/brainstorm/78656-1779291090/content/color-palette.html"}
{"type":"screen-updated","file":"/Users/yohannreimer/Downloads/atomic-crm-main/.superpowers/brainstorm/78656-1779291090/content/color-palette.html"}
{"type":"screen-added","file":"/Users/yohannreimer/Downloads/atomic-crm-main/.superpowers/brainstorm/78656-1779291090/content/card-style.html"}
{"type":"screen-updated","file":"/Users/yohannreimer/Downloads/atomic-crm-main/.superpowers/brainstorm/78656-1779291090/content/card-style.html"}
{"type":"screen-added","file":"/Users/yohannreimer/Downloads/atomic-crm-main/.superpowers/brainstorm/78656-1779291090/content/typography.html"}
{"type":"screen-updated","file":"/Users/yohannreimer/Downloads/atomic-crm-main/.superpowers/brainstorm/78656-1779291090/content/typography.html"}
{"type":"screen-added","file":"/Users/yohannreimer/Downloads/atomic-crm-main/.superpowers/brainstorm/78656-1779291090/content/waiting-1.html"}
{"type":"screen-updated","file":"/Users/yohannreimer/Downloads/atomic-crm-main/.superpowers/brainstorm/78656-1779291090/content/waiting-1.html"}
{"type":"screen-added","file":"/Users/yohannreimer/Downloads/atomic-crm-main/.superpowers/brainstorm/78656-1779291090/content/design-system.html"}
{"type":"screen-updated","file":"/Users/yohannreimer/Downloads/atomic-crm-main/.superpowers/brainstorm/78656-1779291090/content/design-system.html"}
{"type":"screen-added","file":"/Users/yohannreimer/Downloads/atomic-crm-main/.superpowers/brainstorm/78656-1779291090/content/layout-dashboard.html"}
{"type":"screen-updated","file":"/Users/yohannreimer/Downloads/atomic-crm-main/.superpowers/brainstorm/78656-1779291090/content/layout-dashboard.html"}
{"type":"screen-added","file":"/Users/yohannreimer/Downloads/atomic-crm-main/.superpowers/brainstorm/78656-1779291090/content/contact-screens.html"}
{"type":"screen-updated","file":"/Users/yohannreimer/Downloads/atomic-crm-main/.superpowers/brainstorm/78656-1779291090/content/contact-screens.html"}
{"type":"screen-added","file":"/Users/yohannreimer/Downloads/atomic-crm-main/.superpowers/brainstorm/78656-1779291090/content/forms-empty-states.html"}
{"type":"screen-updated","file":"/Users/yohannreimer/Downloads/atomic-crm-main/.superpowers/brainstorm/78656-1779291090/content/forms-empty-states.html"}
{"type":"screen-added","file":"/Users/yohannreimer/Downloads/atomic-crm-main/.superpowers/brainstorm/78656-1779291090/content/agenda-leads.html"}
{"type":"screen-updated","file":"/Users/yohannreimer/Downloads/atomic-crm-main/.superpowers/brainstorm/78656-1779291090/content/agenda-leads.html"}
{"type":"screen-added","file":"/Users/yohannreimer/Downloads/atomic-crm-main/.superpowers/brainstorm/78656-1779291090/content/agenda-corrected.html"}
{"type":"screen-updated","file":"/Users/yohannreimer/Downloads/atomic-crm-main/.superpowers/brainstorm/78656-1779291090/content/agenda-corrected.html"}
{"type":"screen-added","file":"/Users/yohannreimer/Downloads/atomic-crm-main/.superpowers/brainstorm/78656-1779291090/content/leads-corrected.html"}
{"type":"screen-updated","file":"/Users/yohannreimer/Downloads/atomic-crm-main/.superpowers/brainstorm/78656-1779291090/content/leads-corrected.html"}
{"type":"screen-added","file":"/Users/yohannreimer/Downloads/atomic-crm-main/.superpowers/brainstorm/78656-1779291090/content/deals-proposals.html"}
{"type":"screen-updated","file":"/Users/yohannreimer/Downloads/atomic-crm-main/.superpowers/brainstorm/78656-1779291090/content/deals-proposals.html"}
